1>#  Implementar structs, crearCadena, liberarCadena, inicioCadena.
2>#  Estas funciones siempre son llamadas por principal.cpp.
3>Fin.
