1>#  Implementar kesimo.
2>loc quedó no válido.
3>loc quedó no válido.
4>Insertado al final.
5>loc quedó no válido.
6>loc en la posición 1.
7>(3,6.80)
8>loc quedó no válido.
9>loc al final.
10>Insertado al final.
11>Insertado al final.
12>Insertado al final.
13>loc en la posición 1.
14>(3,6.80)
15>loc en la posición 2.
16>(5,3.40)
17>loc en la posición 4.
18>(9,2.60)
19>loc quedó no válido.
20>Fin.
