1>#  Implementar localizadorEnCadena, precedeEnCadena.
2>loc no pertenece a cad.
3>Insertado al final.
4>loc no pertenece a cad.
5>loc al final.
6>loc pertenece a cad.
7>loc al siguiente.
8>loc no pertenece a cad.
9>loc1 no precede a loc.
10>loc al final.
11>loc1 precede a loc.
12>loc1 no precede a loc.
13>loc1 no precede a loc.
14>Insertado al final.
15>Insertado al final.
16>Insertado al final.
17>loc1 precede a loc.
18>loc1 no precede a loc.
19>loc1 no precede a loc.
20>loc al siguiente.
21>loc1 precede a loc.
22>loc1 precede a loc.
23>loc1 no precede a loc.
24>loc al final.
25>loc1 precede a loc.
26>loc1 no precede a loc.
27>loc al anterior.
28>loc1 no precede a loc.
29>loc1 precede a loc.
30>Fin.
