1>#  Implementar pertenece.
2>5 no pertenece a cad.
3>Segmento insertado despuÃ©s de loc.
4>5 pertenece a cad.
5>6 pertenece a cad.
6>8 pertenece a cad.
7>9 no pertenece a cad.
8>Fin.
