1>#  Implementar longitud.
2>Longitud: 0
3>Segmento insertado despuÃ©s de loc.
4>Longitud: 3
5>Fin.
