1>#  Implementar concatenar.
2>
3>(5,3.40)(8,9.40)(7,2.60)
4>
5>Segmento insertado despuÃ©s de loc.
6>(5,3.40)(8,9.40)(7,2.60)
7>(5,3.40)(8,9.40)(7,2.60)(5,3.40)(8,9.40)(7,2.60)
8>(5,3.40)(8,9.40)(7,2.60)
9>Fin.
