1>#  Implementar subCadena.
2>Insertado al final.
3>(6,3.50)
4>Insertado al final.
5>(6,3.50)(6,2.50)
6>Insertado al final.
7>(6,3.50)(6,2.50)
8>(6,3.50)(6,2.50)(7,2.50)
9>(7,2.50)
10>(6,3.50)(6,2.50)(7,2.50)
11>loc al final.
12>Segmento insertado despuÃ©s de loc.
13>(6,3.50)(6,2.50)(7,2.50)(7,3.40)
14>(7,2.50)(7,3.40)(8,9.40)(9,2.60)
15>(6,3.50)(6,2.50)(7,2.50)(7,3.40)(8,9.40)(9,2.60)
16>(6,3.50)(6,2.50)(7,2.50)(7,3.40)(8,9.40)(9,2.60)
17>Fin.
