1>Apilado.
2>10.
3>Encolado.
4>Binario vacío.
5>Insertado.
6>15
7>Creado el singleton.
8>1.
9>Establecida la asociación.
10>2.00
11>Se insertó el elemento.
12>8
13>Fin.
