1>Apilado.
2>Encolado.
3>Encolado.
4>Encolado.
5>Vacio.
6>Insertado.
7>Insertado.
8>Insertado.
9>Insertado.
10>Insertado.
11>Union.
12>Diferencia.
13>Se insertó el elemento.
14>Se insertó el elemento.
15>Se insertó el elemento.
16>Desapilado.
17>p está vacia.
18>Desencolado.
19>Desencolado.
20>Binario vacío.
21>10
22>Altura de avl: 3.
23>4 6 8 10 12 
24>0.
25>No pertenece.
26>Vacio.
27>No hay elementos en el conjunto.
28>No existe asociacion.
29>3.00.
30>Se actualizó el valor.
31>Eliminado.
32>4
33>Fin.
