1>#  Prueba de esVacioBinario, insertarEnBinario, raiz, izquierdo, derecho, buscarSubarbol.
2>sub es vacío.
3>Vacio.
4>Insertado.
5>No vacío.
6>(1,1.10)
7>sub es vacío.
8>(1,1.10)
9>Insertado.
10>Insertado.
11>izquierdo de b es vacío.
12>(2,2.20)
13>sub es vacío.
14>(1,1.10)
15>(2,2.20)
16>(3,3.30)
17>Fin.
