1>#  implementar las operaciones de iterador.
2>Actual de it NO está definida.
3>Agregando.
4>Agregando.
5>Agregando.
6>Agregando.
7>Reiniciado.
8>Actual de it está definida.
9>5
10>Avanzando.
11>Avanzando.
12>Avanzando.
13>Actual de it está definida.
14>8
15>Avanzando.
16>Actual de it NO está definida.
17>Reiniciado.
18>Actual de it está definida.
19>5
20>Fin.
