1>#  Prueba removerDeBinario, esAvl, alturaBinario, cantidadBinario, imprimirBinario, insertarEnBinario.
2>Insertado.
3>Insertado.
4>Insertado.
5>Insertado.
6>Insertado.
7>Insertado.
8>Insertado.
9>
--(25,25.00)
-(20,20.00)
--(15,15.00)
(10,10.00)
--(7,7.00)
-(5,5.00)
--(2,2.00)
10>AVL.
11>7.
12>3.
13>Removido.
14>Insertado.
15>Removido.
16>Insertado.
17>Removido.
18>Insertado.
19>Removido.
20>Insertado.
21>Removido.
22>Removido.
23>Insertado.
24>Insertado.
25>Removido.
26>Removido.
27>Removido.
28>Removido.
29>Removido.
30>Removido.
31>Removido.
32>AVL.
33>
34>0.
35>0.
36>Fin.
