1>#  Implementar structs, crearCadena, liberarCadena, inicioCadena.
2>#  Estas funciones siempre son llamadas por principal.cpp.
3>Estructuras reiniciadas.
4>#  Implementar esVaciaCadena, esFinalCadena, infoCadena, siguiente, insertarAlFinal.
5>cad vacia.
6>loc no es final de cad.
7>Insertado al final.
8>loc no es final de cad.
9>cad no vacia.
10>loc al inicio.
11>loc es final de cad.
12>(1,2.10)
13>Insertado al final.
14>loc no es final de cad.
15>(1,2.10)
16>loc al siguiente.
17>loc es final de cad.
18>(3,0.30)
19>Insertado al final.
20>(3,0.30)
21>loc al siguiente.
22>(2,1.20)
23>loc al inicio.
24>(1,2.10)
25>loc al siguiente.
26>(3,0.30)
27>loc al siguiente.
28>(2,1.20)
29>Insertado al final.
30>Insertado al final.
31>Insertado al final.
32>Insertado al final.
33>Insertado al final.
34>Insertado al final.
35>loc al siguiente.
36>(9,1.20)
37>loc al siguiente.
38>loc al siguiente.
39>loc al siguiente.
40>loc al siguiente.
41>loc no es final de cad.
42>loc al siguiente.
43>loc es final de cad.
44>(4,1.20)
45>loc al inicio.
46>(1,2.10)
47>Estructuras reiniciadas.
48>#  Implmentar insertarAntes.
49>Insertado al final.
50>loc al inicio.
51>Insertado antes de loc.
52>(5,2.80)
53>loc al inicio.
54>(3,6.70)
55>loc al siguiente.
56>(5,2.80)
57>Insertado antes de loc.
58>(5,2.80)
59>loc al inicio.
60>(3,6.70)
61>loc al siguiente.
62>(4,3.10)
63>Insertado antes de loc.
64>(4,3.10)
65>loc al inicio.
66>(3,6.70)
67>Insertado antes de loc.
68>(3,6.70)
69>loc al inicio.
70>(1,7.20)
71>loc al siguiente.
72>(3,6.70)
73>loc al siguiente.
74>(8,2.90)
75>loc al siguiente.
76>(4,3.10)
77>loc al siguiente.
78>(5,2.80)
79>Estructuras reiniciadas.
80>#  Implementar finalCadena, anterior.
81>Insertado al final.
82>loc al final.
83>(10,2.10)
84>Insertado al final.
85>Insertado al final.
86>Insertado al final.
87>Insertado al final.
88>Insertado al final.
89>Insertado al final.
90>loc al final.
91>(4,2.10)
92>loc al anterior.
93>(5,2.10)
94>loc al anterior.
95>(6,2.10)
96>loc al anterior.
97>(7,2.10)
98>loc al anterior.
99>(8,2.10)
100>loc al anterior.
101>(9,2.10)
102>loc al anterior.
103>(10,2.10)
104>Estructuras reiniciadas.
105>#  Implementar esInicioCadena esLocalizador.
106>loc no es incio de cad.
107>loc no es final de cad.
108>Insertado al final.
109>loc no es incio de cad.
110>loc no es final de cad.
111>loc al inicio.
112>loc es incio de cad.
113>loc es final de cad.
114>loc al final.
115>loc es incio de cad.
116>loc es final de cad.
117>Insertado al final.
118>loc es incio de cad.
119>loc no es final de cad.
120>loc al final.
121>loc no es incio de cad.
122>loc es final de cad.
123>Insertado al final.
124>loc no es incio de cad.
125>loc no es final de cad.
126>loc al inicio.
127>loc es incio de cad.
128>loc no es final de cad.
129>loc al anterior.
130>loc no válido.
131>loc al inicio.
132>loc válido.
133>loc es incio de cad.
134>loc no es final de cad.
135>loc al siguiente.
136>loc válido.
137>loc no es incio de cad.
138>loc no es final de cad.
139>loc al siguiente.
140>loc válido.
141>loc no es incio de cad.
142>loc es final de cad.
143>loc al siguiente.
144>loc no válido.
145>Estructuras reiniciadas.
146>#  Implmentar removerDeCadena.
147>Insertado al final.
148>Insertado al final.
149>Insertado al final.
150>Insertado al final.
151>Insertado al final.
152>loc al inicio.
153>loc al siguiente.
154>loc al siguiente.
155>Removido.
156>loc al inicio.
157>loc al siguiente.
158>(7,2.10)
159>loc al siguiente.
160>(9,2.10)
161>loc al inicio.
162>Removido.
163>loc al inicio.
164>(7,2.10)
165>loc al final.
166>Removido.
167>loc al final.
168>(9,2.10)
169>Removido.
170>loc al final.
171>(7,2.10)
172>loc al inicio.
173>(7,2.10)
174>cad no vacia.
175>Removido.
176>cad vacia.
177>loc al inicio.
178>Insertado al final.
179>cad no vacia.
180>loc al inicio.
181>(6,2.10)
182>loc al siguiente.
183>loc no válido.
184>loc al final.
185>(6,2.10)
186>loc al anterior.
187>loc no válido.
188>Estructuras reiniciadas.
189>#  Implementar imprimirCadena.
190>
191>Insertado al final.
192>(6,2.10)
193>Insertado al final.
194>Insertado al final.
195>Insertado al final.
196>Insertado al final.
197>(6,2.10)(7,3.10)(8,4.10)(9,5.10)(10,6.10)
198>Estructuras reiniciadas.
199>#  Implementar kesimo.
200>loc quedó no válido.
201>loc quedó no válido.
202>Insertado al final.
203>loc quedó no válido.
204>loc en la posición 1.
205>(3,6.80)
206>loc quedó no válido.
207>loc al final.
208>Insertado al final.
209>Insertado al final.
210>Insertado al final.
211>loc en la posición 1.
212>(3,6.80)
213>loc en la posición 2.
214>(5,3.40)
215>loc en la posición 4.
216>(9,2.60)
217>loc quedó no válido.
218>Estructuras reiniciadas.
219>#  Implementar localizadorEnCadena, precedeEnCadena.
220>loc no pertenece a cad.
221>Insertado al final.
222>loc no pertenece a cad.
223>loc al final.
224>loc pertenece a cad.
225>loc al siguiente.
226>loc no pertenece a cad.
227>loc1 no precede a loc.
228>loc al final.
229>loc1 precede a loc.
230>loc1 no precede a loc.
231>loc1 no precede a loc.
232>Insertado al final.
233>Insertado al final.
234>Insertado al final.
235>loc1 precede a loc.
236>loc1 no precede a loc.
237>loc1 no precede a loc.
238>loc al siguiente.
239>loc1 precede a loc.
240>loc1 precede a loc.
241>loc1 no precede a loc.
242>loc al final.
243>loc1 precede a loc.
244>loc1 no precede a loc.
245>loc al anterior.
246>loc1 no precede a loc.
247>loc1 precede a loc.
248>Estructuras reiniciadas.
249>#  Implementar insertarSegmentoDespues.
250>Segmento insertado después de loc.
251>
252>Segmento insertado después de loc.
253>(5,3.40)
254>loc al final.
255>Segmento insertado después de loc.
256>(5,3.40)
257>Removido.
258>loc al inicio.
259>Segmento insertado después de loc.
260>(5,3.40)(8,9.40)(9,2.60)
261>loc al inicio.
262>Segmento insertado después de loc.
263>(5,3.40)(8,9.40)(9,2.60)
264>Segmento insertado después de loc.
265>(5,3.40)(6,5.20)(7,0.90)(8,9.40)(9,2.60)
266>Estructuras reiniciadas.
267>#  Implementar copiarSegmento.
268>
269>Segmento insertado después de loc.
270>(3,2.40)
271>(3,2.40)
272>loc al final.
273>Segmento insertado después de loc.
274>(3,2.40)
275>(3,2.40)(5,3.40)(8,9.40)(9,2.60)
276>(5,3.40)(8,9.40)
277>(9,2.60)
278>Estructuras reiniciadas.
279>#  Implementar borrarSegmento.
280>Segmento borrado.
281>Segmento insertado después de loc.
282>Segmento borrado.
283>
284>loc al inicio.
285>Segmento insertado después de loc.
286>Segmento borrado.
287>(5,3.40)(7,3.50)(8,9.40)(9,2.60)
288>Segmento borrado.
289>(5,3.40)(7,3.50)
290>Segmento borrado.
291>(7,3.50)
292>loc al inicio.
293>Segmento insertado después de loc.
294>(7,3.50)(5,3.40)(6,4.10)(7,3.50)(8,9.40)(9,2.60)
295>Segmento borrado.
296>
297>Estructuras reiniciadas.
298>#  Implementar cambiarEnCadena, intercambiar.
299>Segmento insertado después de loc.
300>loc al inicio.
301>Cambio.
302>(3,2.50)(8,9.40)(9,2.60)
303>loc al siguiente.
304>Cambio.
305>(3,2.50)(6,9.20)(9,2.60)
306>loc al siguiente.
307>Cambio.
308>(3,2.50)(6,9.20)(7,2.50)
309>Intercambio.
310>(3,2.50)(6,9.20)(7,2.50)
311>Intercambio.
312>(3,2.50)(6,9.20)(7,2.50)
313>loc al final.
314>(7,2.50)
315>Intercambio.
316>(3,2.50)
317>(7,2.50)(6,9.20)(3,2.50)
318>Intercambio.
319>(7,2.50)
320>(3,2.50)(6,9.20)(7,2.50)
321>Intercambio.
322>(6,9.20)
323>(3,2.50)(7,2.50)(6,9.20)
324>Estructuras reiniciadas.
325>#  Implementar siguienteClave, anteriorClave.
326>loc quedó no válido.
327>Segmento insertado después de loc.
328>loc al inicio.
329>loc avanzó buscando 5.
330>(5,3.40)
331>loc avanzó buscando 8.
332>(8,9.40)
333>loc al inicio.
334>loc avanzó buscando 6.
335>(6,2.60)
336>loc quedó no válido.
337>loc no válido.
338>loc al final.
339>Segmento insertado después de loc.
340>loc al inicio.
341>loc al siguiente.
342>loc avanzó buscando 5.
343>(5,-3.20)
344>loc al inicio.
345>loc avanzó buscando 6.
346>(6,2.60)
347>loc avanzó buscando 6.
348>(6,2.60)
349>loc al siguiente.
350>loc avanzó buscando 6.
351>(6,-2.40)
352>loc al final.
353>loc retrocedió buscando 6.
354>(6,-2.40)
355>loc retrocedió buscando 8.
356>(8,-9.20)
357>loc retrocedió buscando 6.
358>(6,2.60)
359>loc retrocedió buscando 5.
360>(5,3.40)
361>loc quedó no válido.
362>loc no válido.
363>Estructuras reiniciadas.
364>#  Implementar menorEnCadena.
365>Segmento insertado después de loc.
366>loc al inicio.
367>El menor es 3.
368>loc al siguiente.
369>El menor es 5.
370>El menor es 5.
371>Estructuras reiniciadas.
372>#  Implementar pertenece.
373>5 no pertenece a cad.
374>Segmento insertado después de loc.
375>5 pertenece a cad.
376>6 pertenece a cad.
377>8 pertenece a cad.
378>9 no pertenece a cad.
379>Estructuras reiniciadas.
380>#  Implementar longitud.
381>Longitud: 0
382>Segmento insertado después de loc.
383>Longitud: 3
384>Estructuras reiniciadas.
385>#  Implementar estaOrdenada.
386>cad ordenada.
387>Insertado al final.
388>cad ordenada.
389>Insertado al final.
390>cad ordenada.
391>Insertado al final.
392>cad ordenada.
393>loc al final.
394>Segmento insertado después de loc.
395>cad ordenada.
396>loc al inicio.
397>Insertado antes de loc.
398>cad no ordenada.
399>loc al inicio.
400>Removido.
401>cad ordenada.
402>Insertado al final.
403>cad no ordenada.
404>loc al final.
405>Removido.
406>loc al final.
407>Insertado antes de loc.
408>cad no ordenada.
409>loc al anterior.
410>Removido.
411>cad ordenada.
412>Estructuras reiniciadas.
413>#  Implementar hayNatsRepetidos.
414>En cad no hay naturales repetidos.
415>Insertado al final.
416>En cad no hay naturales repetidos.
417>Insertado al final.
418>En cad no hay naturales repetidos.
419>Insertado al final.
420>En cad no hay naturales repetidos.
421>Insertado al final.
422>En cad hay naturales repetidos.
423>loc al final.
424>Cambio.
425>En cad no hay naturales repetidos.
426>Insertado al final.
427>En cad hay naturales repetidos.
428>loc al final.
429>Cambio.
430>En cad no hay naturales repetidos.
431>(6,2.40)(4,2.40)(9,2.40)(7,2.40)(1,2.40)
432>loc al final.
433>Insertado antes de loc.
434>En cad hay naturales repetidos.
435>(6,2.40)(4,2.40)(9,2.40)(7,2.40)(4,3.40)(1,2.40)
436>Estructuras reiniciadas.
437>#  Implementar sonIgualesCadena.
438>Son iguales.
439>No son iguales.
440>Insertado al final.
441>No son iguales.
442>No son iguales.
443>Son iguales.
444>loc al final.
445>Segmento insertado después de loc.
446>Son iguales.
447>No son iguales.
448>No son iguales.
449>No son iguales.
450>Estructuras reiniciadas.
451>#  Implementar concatenar.
452>
453>(5,3.40)(8,9.40)(7,2.60)
454>
455>Segmento insertado después de loc.
456>(5,3.40)(8,9.40)(7,2.60)
457>(5,3.40)(8,9.40)(7,2.60)(5,3.40)(8,9.40)(7,2.60)
458>(5,3.40)(8,9.40)(7,2.60)
459>Estructuras reiniciadas.
460>#  Implementar ordenar.
461>Quedó ordenada.
462>Insertado al final.
463>Quedó ordenada.
464>Insertado al final.
465>Quedó ordenada.
466>(2,3.40)(6,2.40)
467>Quedó ordenada.
468>(2,3.40)(6,2.40)
469>Insertado al final.
470>Quedó ordenada.
471>(2,3.40)(6,2.40)(9,3.40)
472>loc al final.
473>Segmento insertado después de loc.
474>(2,3.40)(6,2.40)(9,3.40)(5,3.40)(11,9.40)(7,2.60)
475>Quedó ordenada.
476>(2,3.40)(5,3.40)(6,2.40)(7,2.60)(9,3.40)(11,9.40)
477>Estructuras reiniciadas.
478>#  Implementar cambiarTodos.
479>Cambiados.
480>
481>Insertado al final.
482>Cambiados.
483>(5,1.30)
484>Cambiados.
485>(3,1.30)
486>Insertado al final.
487>Cambiados.
488>(3,1.30)(3,1.20)
489>Cambiados.
490>(3,1.30)(3,1.20)
491>loc al final.
492>Segmento insertado después de loc.
493>Cambiados.
494>(3,1.30)(3,1.20)(5,3.40)(8,9.40)(9,2.60)
495>Cambiados.
496>(3,1.30)(3,1.20)(5,3.40)(8,9.40)(5,2.60)
497>Cambiados.
498>(5,1.30)(5,1.20)(5,3.40)(8,9.40)(5,2.60)
499>Cambiados.
500>(8,1.30)(8,1.20)(8,3.40)(8,9.40)(8,2.60)
501>Estructuras reiniciadas.
502>#  Implementar subCadena.
503>Insertado al final.
504>(6,3.50)
505>Insertado al final.
506>(6,3.50)(6,2.50)
507>Insertado al final.
508>(6,3.50)(6,2.50)
509>(6,3.50)(6,2.50)(7,2.50)
510>(7,2.50)
511>(6,3.50)(6,2.50)(7,2.50)
512>loc al final.
513>Segmento insertado después de loc.
514>(6,3.50)(6,2.50)(7,2.50)(7,3.40)
515>(7,2.50)(7,3.40)(8,9.40)(9,2.60)
516>(6,3.50)(6,2.50)(7,2.50)(7,3.40)(8,9.40)(9,2.60)
517>(6,3.50)(6,2.50)(7,2.50)(7,3.40)(8,9.40)(9,2.60)
518>Estructuras reiniciadas.
519>#  Caso de prueba privado 1.
520>Segmento insertado después de loc.
521>Longitud: 1
522>(5,3.40)
523>loc al inicio.
524>Segmento insertado después de loc.
525>(5,3.40)(5,3.40)(6,4.10)(7,3.50)(8,9.40)(9,2.60)
526>Longitud: 6
527>Segmento borrado.
528>Segmento borrado.
529>Segmento borrado.
530>Longitud: 3
531>(7,3.50)(8,9.40)(9,2.60)
532>Segmento borrado.
533>Longitud: 0
534>Segmento insertado después de loc.
535>Longitud: 5
536>Segmento borrado.
537>Longitud: 0
538>
539>Segmento insertado después de loc.
540>Segmento borrado.
541>Segmento borrado.
542>Segmento borrado.
543>Longitud: 2
544>(2,4.10)(7,9.40)
545>Estructuras reiniciadas.
546>#  Caso de prueba privado 2.
547>Segmento insertado después de loc.
548>(5,3.40)
549>loc al inicio.
550>El menor es 5.
551>Segmento insertado después de loc.
552>loc al inicio.
553>El menor es 1.
554>loc al inicio.
555>loc al siguiente.
556>loc al siguiente.
557>loc al siguiente.
558>El menor es 1.
559>loc al inicio.
560>(5,3.40)(8,3.40)(7,4.10)(6,3.50)(4,9.40)(3,2.60)(9,3.50)(2,9.40)(1,2.60)
561>Segmento borrado.
562>El menor es 3.
563>(5,3.40)(8,3.40)(7,4.10)(6,3.50)(4,9.40)(3,2.60)(9,3.50)
564>Estructuras reiniciadas.
565>#  Caso de prueva privado 3 .
566>cad ordenada.
567>Segmento insertado después de loc.
568>cad ordenada.
569>Segmento borrado.
570>cad ordenada.
571>Segmento insertado después de loc.
572>cad no ordenada.
573>loc al final.
574>Segmento insertado después de loc.
575>cad no ordenada.
576>Segmento borrado.
577>cad ordenada.
578>(2,3.40)(2,4.10)(4,9.40)(5,2.60)(5,3.50)(7,9.40)(7,2.60)(7,9.40)(7,2.60)(7,9.40)(7,2.60)
579>Estructuras reiniciadas.
580>#  Caso de prueba privado 4.
581>Son iguales.
582>No son iguales.
583>Insertado al final.
584>Son iguales.
585>loc al final.
586>Insertado al final.
587>No son iguales.
588>Son iguales.
589>No son iguales.
590>No son iguales.
591>(5,2.20)(5,2.20)
592>(5,2.20)(5,2.20)(3,2.10)(1,2.10)
593>loc al final.
594>Segmento insertado después de loc.
595>loc al inicio.
596>No son iguales.
597>Son iguales.
598>(5,2.20)(5,2.20)(3,2.10)(1,2.10)
599>Estructuras reiniciadas.
600>#  Caso prueba privado 5.
601>Segmento insertado después de loc.
602>En cad hay naturales repetidos.
603>Segmento borrado.
604>En cad hay naturales repetidos.
605>Segmento borrado.
606>En cad no hay naturales repetidos.
607>(1,3.40)(2,4.10)(3,3.50)(4,9.40)(5,2.60)(6,3.50)(7,2.60)
608>Quedó ordenada.
609>Segmento borrado.
610>loc al final.
611>Segmento insertado después de loc.
612>Quedó ordenada.
613>(1,9.40)(2,4.10)(3,3.50)(4,9.40)(5,2.60)(6,3.50)(7,2.60)(8,4.10)(9,3.50)(10,4.10)(11,3.40)
614>Segmento borrado.
615>Quedó ordenada.
616>Segmento borrado.
617>Quedó ordenada.
618>(11,3.40)
619>Estructuras reiniciadas.
620>#  Caso de prueba privado 6.
621>Segmento insertado después de loc.
622>Quedó ordenada.
623>(1,3.50)(2,2.60)(3,9.40)(5,4.10)(6,4.10)(14,3.50)(15,2.60)(22,3.40)(30,9.40)
624>(1,3.50)(2,2.60)(3,9.40)(5,4.10)(6,4.10)(14,3.50)(15,2.60)(22,3.40)(30,9.40)
625>(3,9.40)(5,4.10)(6,4.10)(14,3.50)(15,2.60)
626>(30,9.40)
627>(1,3.50)
628>30 pertenece a cad.
629>Cambiados.
630>30 no pertenece a cad.
631>15 pertenece a cad.
632>Cambiados.
633>15 no pertenece a cad.
634>Cambiados.
635>Cambiados.
636>(1,3.50)(2,2.60)(3,9.40)(5,4.10)(6,4.10)(5,3.50)(7,2.60)(8,3.40)(4,9.40)
637>En cad hay naturales repetidos.
638>Segmento borrado.
639>Quedó ordenada.
640>(2,2.60)(3,9.40)(4,9.40)(5,4.10)(6,4.10)
641>(1,3.50)(2,2.60)(3,9.40)(4,9.40)(5,4.10)(6,4.10)(7,2.60)(8,3.40)
642>En cad no hay naturales repetidos.
643>Fin.
