1>#  Prueba B.
2>Insertado.
3>Insertado.
4>Insertado.
5>Insertado.
6>Insertado.
7>l = 0.
8>(16,16.16)
9>(8,8.80)(24,24.24)
10>
11>
-(12,12.12)
(8,8.80)
-(4,4.40)
12>AVL.
13>Removido.
14>NO es camino.
15>Es camino.
16>Fin.
