1>#  Prueba C.
2>Actual de it NO está definida.
3>Agregando.
4>Reiniciado.
5>Actual de it está definida.
6>Avanzando.
7>Actual de it NO está definida.
8>Insertado.
9>Insertado.
10>
11>5.50
12>izquierdo de b es vacío.
13>(3,3.30)
14>
-(3,3.30)
(2,2.20)
15>2.
16>AVL.
17>(3,3.30)
18>Removido el mayor.
19>1.
20>AVL.
21>2.20
22>Fin.
