1>#  Prueba D.
2>Insertado.
3>Insertado.
4>Insertado.
5>AVL.
6>Insertado.
7>Insertado.
8>No AVL.
9>4.
10>(8,8.80)(11,11.11)(12,12.12)(13,-13.13)(14,14.14)
11>37.37
12>
-(13,-13.13)
(11,11.11)
-(8,8.80)
13>(8,8.80)(12,12.12)
14>NO es camino.
15>
---(14,14.14)
--(13,-13.13)
-(12,12.12)
(11,11.11)
-(8,8.80)
16>(14,14.14)
17>Removido el mayor.
18>Removido.
19>(8,8.80)
20>Fin.
