1>#  Prueba de tiempo esAvl.
2>
 Construyendo el Ã¡rbol. 
 Evaluando si es AVL. 
 Liberando binario. 
3>Fin.
