1>#  Prueba de tiempo sumaUltimosPositivos.
2>
 Construyendo el Ã¡rbol. 
 Obteniendo suma ultimos positivos. 
 Liberando binario. 
3>Fin.
