1>#  .
2>Se insertó 1 en la cadena 1.
3>Se insertó 1 en la cadena 1.
4>Se removió la primera aparición de 1 de la cadena 1.
5>1 está en la cadena 1.
6>La primera aparición de 1 en la cadena 1 es (1,0.00)
7>Insertado.
8>
--(5,0.00)
-(4,0.00)
(3,0.00)
--(2,0.00)
-(1,0.00)
9>1 2 3 4 5 
10>
-(7,0.00)
--(6,0.00)
(5,0.00)
--(4,0.00)
-(3,0.00)
--(2,0.00)
---(1,0.00)
11>
--(5,0.00)
-(4,0.00)
(3,0.00)
--(2,0.00)
-(1,0.00)
12>Creado el singleton.
13>Union.
14>Diferencia.
15>Intersección.
16>Arreglo a conjunto con 5 elementos.
17>Fin.
