1>#  Implementar structs, las operaciones de crear y liberar, cantidadEnIterador.
2>0.
3>#  comando que reinicia las estructruras (no es reiniciarIterador).
4>Estructuras reiniciadas.
5>Agregando.
6>1.
7>Estructuras reiniciadas.
8>Agregando.
9>Agregando.
10>2.
11>Estructuras reiniciadas.
12>Agregando.
13>Agregando.
14>Agregando.
15>Agregando.
16>Agregando.
17>Agregando.
18>Agregando.
19>Agregando.
20>8.
21>Fin.
