1>#  Implementar enAlguno.
2>
3>4 
4>4 8 
5>1 3 7 8 9 
6>Estructuras reiniciadas.
7>Agregando.
8>2 
9>2 4 
10>2 4 8 
11>1 2 3 7 8 9 
12>2 
13>Estructuras reiniciadas.
14>Agregando.
15>Agregando.
16>Agregando.
17>4 7 9 
18>4 7 9 
19>4 7 8 9 
20>1 3 4 7 8 9 
21>1 3 4 7 8 9 11 
22>Fin.
