1>#  Implementar soloEnA. .
2>#  El iterador 'a' es el parámetro 'it'. .
3>#  El iterador 'b' es el que se lee desde la entrada estándar. .
4>
5>
6>
7>
8>Estructuras reiniciadas.
9>Agregando.
10>2 
11>2 
12>2 
13>2 
14>
15>Estructuras reiniciadas.
16>Agregando.
17>Agregando.
18>Agregando.
19>4 7 9 
20>7 9 
21>7 9 
22>4 
23>
24>Fin.
