1>#  Implementar operaciones de pila.
2>p está vacia.
3>Apilado.
4>Apilado.
5>Apilado.
6>Apilado.
7>Apilado.
8>Apilado.
9>Apilado.
10>Apilado.
11>Apilado.
12>p NO está vacia.
13>p NO está llena.
14>Apilado.
15>p NO está vacia.
16>p está llena.
17>10.
18>Desapilado.
19>Desapilado.
20>8.
21>Desapilado.
22>Desapilado.
23>6.
24>Desapilado.
25>Desapilado.
26>4.
27>Desapilado.
28>Desapilado.
29>2.
30>Desapilado.
31>1.
32>Desapilado.
33>p está vacia.
34>p NO está llena.
35>Fin.
