1>#  Implementar operaciones de colaBinarios.
2>Insertado.
3>Insertado.
4>Insertado.
5>Insertado.
6>Insertado.
7>q está vacia.
8>Encolado.
9>q NO está vacia.
10>5
11>Encolado.
12>q NO está vacia.
13>5
14>Encolado.
15>Encolado.
16>q NO está vacia.
17>5
18>Desencolado.
19>Binario vacío.
20>q NO está vacia.
21>Desencolado.
22>25
23>Desencolado.
24>Binario vacío.
25>q NO está vacia.
26>Desencolado.
27>q está vacia.
28>Fin.
