1>#  .
2>Insertado.
3>Insertado.
4>Insertado.
5>Insertado.
6>Insertado.
7>Insertado.
8>(2,2.20)(3,3.30)(6,6.60)(7,7.70)(8,8.80)(9,9.90)
9>8 | 9 | 7 | 2 6 | 3 
10>
11>(10,0.00)(20,0.00)(30,0.00)(40,0.00)(50,0.00)(60,0.00)
12>20 40 60 | 10 50 | 30 
13>1 3 7 8 9 
14>
15>Estructuras reiniciadas.
16>Agregando.
17>Agregando.
18>Agregando.
19>Agregando.
20>1 2 3 5 7 8 9 
21>2 5 
22>Fin.
