1>#  Prueba de tiempo binarioBalanceado.
2>
 Construyendo el arreglo. 
 Construyendo el Ã¡rbol. 
3>Fin.
