1>#  Prueba de tiempo recorridaPorNiveles.
2>
 Construyendo el árbol. 
 Imprimiendo el árbol. 
 Liberando el árbol. 
3>Fin.
